###############################################################################
#
# IAR ELF Linker V2.20.1.176 for STM8                     17/Jul/2019  20:41:14
# Copyright 2010-2015 IAR Systems AB.
#
#    Output file  =  
#        D:\Hoc Tap\FPT Intern\MOCK_PROJECT_6\Debug\Exe\MOCK UART.out
#    Map file     =  
#        D:\Hoc Tap\FPT Intern\MOCK_PROJECT_6\Debug\List\MOCK UART.map
#    Command line =  
#        "D:\Hoc Tap\FPT Intern\MOCK_PROJECT_6\Debug\Obj\GPIO.o" "D:\Hoc
#        Tap\FPT Intern\MOCK_PROJECT_6\Debug\Obj\main.o" "D:\Hoc Tap\FPT
#        Intern\MOCK_PROJECT_6\Debug\Obj\stm8l_define.o" --redirect
#        _Printf=_PrintfFullNoMb --redirect _Scanf=_ScanfFullNoMb -o "D:\Hoc
#        Tap\FPT Intern\MOCK_PROJECT_6\Debug\Exe\MOCK UART.out" --map "D:\Hoc
#        Tap\FPT Intern\MOCK_PROJECT_6\Debug\List\MOCK UART.map" --config
#        "D:\Program Files (x86)\IAR Systems\Embedded Workbench
#        7.3\stm8\config\lnkstm8l152c6.icf" --config_def _CSTACK_SIZE=0x100
#        --config_def _HEAP_SIZE=0x100 --entry __iar_program_start --debug_lib
###############################################################################

*******************************************************************************
*** RUNTIME MODEL ATTRIBUTES
***

__SystemLibrary            = DLib
__code_model               = small
__core                     = stm8
__data_model               = medium
__dlib_file_descriptor     = 0
__dlib_full_locale_support = 0
__rt_version               = 4


*******************************************************************************
*** PLACEMENT SUMMARY
***

"A1":  place at start of [0x000000-0x0000ff] { rw section .vregs };
"A2":  place at end of [0x000000-0x0007ff] { block CSTACK };
"P2":  place in [from 0x000000 to 0x0007ff] {
          block HEAP, rw section __DLIB_PERTHREAD, rw section .far.bss,
          rw section .far.data, rw section .far.noinit,
          rw section .far_func.textrw, rw section .huge.bss,
          rw section .huge.data, rw section .huge.noinit,
          rw section .huge_func.textrw, rw section .iar.dynexit,
          rw section .near.bss, rw section .near.data, rw section .near.noinit,
          rw section .near_func.textrw };
"A3":  place at start of [0x008000-0x00ffff] { block INTVEC };
"P3":  place in [from 0x008000 to 0x00ffff] {
          ro section __DLIB_PERTHREAD_init, ro section .far.data_init,
          ro section .far_func.textrw_init, ro section .huge.data_init,
          ro section .huge_func.textrw_init, ro section .iar.init_table,
          ro section .init_array, ro section .near.data_init,
          ro section .near.rodata, ro section .near_func.text,
          ro section .near_func.textrw_init, ro section .tiny.data_init,
          ro section .tiny.rodata_init };

  Section          Kind      Address   Size  Object
  -------          ----      -------   ----  ------
"A1":                                   0xc
  .vregs           uninit   0x000000    0xc  vregs.o [4]
                          - 0x00000c    0xc

"P2":                                   0xc
  .near.bss        zero     0x00000c    0x2  main.o [1]
  .near.bss        zero     0x00000e    0x2  main.o [1]
  .near.bss        zero     0x000010    0x2  main.o [1]
  .near.bss        zero     0x000012    0x2  main.o [1]
  .near.bss        zero     0x000014    0x2  main.o [1]
  .near.bss        zero     0x000016    0x2  main.o [1]
                          - 0x000018    0xc

"A2":                                 0x100
  CSTACK                    0x000700  0x100  <Block>
    CSTACK         uninit   0x000700  0x100  <Block tail>
                          - 0x000800  0x100

"A3":                                  0x80
  INTVEC                    0x008000   0x80  <Block>
    .intvec        const    0x008000   0x80  interrupt.o [4]
                          - 0x008080   0x80

"P3":                                 0xa62
  .near_func.text  ro code  0x008080  0x1b7  main.o [1]
  .near_func.text  ro code  0x008237   0xe5  stm8l_define.o [1]
  .near_func.text  ro code  0x00831c   0x7c  stm8l_define.o [1]
  .near_func.text  ro code  0x008398   0x5d  vreg_util.o [4]
  .near_func.text  ro code  0x0083f5   0x3d  stm8l_define.o [1]
  .near_func.text  ro code  0x008432   0x29  stm8l_define.o [1]
  .near_func.text  ro code  0x00845b   0x26  stm8l_define.o [1]
  .near_func.text  ro code  0x008481   0x21  stm8l_define.o [1]
  .near_func.text  ro code  0x0084a2   0x21  stm8l_define.o [1]
  .near_func.text  ro code  0x0084c3   0x21  stm8l_define.o [1]
  .near_func.text  ro code  0x0084e4   0x21  stm8l_define.o [1]
  .near_func.text  ro code  0x008505   0x21  stm8l_define.o [1]
  .near_func.text  ro code  0x008526   0x21  stm8l_define.o [1]
  .near_func.text  ro code  0x008547   0x21  stm8l_define.o [1]
  .near_func.text  ro code  0x008568   0x21  stm8l_define.o [1]
  .near_func.text  ro code  0x008589   0x21  stm8l_define.o [1]
  .near_func.text  ro code  0x0085aa   0x21  stm8l_define.o [1]
  .near_func.text  ro code  0x0085cb   0x21  stm8l_define.o [1]
  .near_func.text  ro code  0x0085ec   0x21  stm8l_define.o [1]
  .near_func.text  ro code  0x00860d   0x21  stm8l_define.o [1]
  .near_func.text  ro code  0x00862e   0x21  stm8l_define.o [1]
  .near_func.text  ro code  0x00864f   0x21  stm8l_define.o [1]
  .near_func.text  ro code  0x008670   0x21  stm8l_define.o [1]
  .near_func.text  ro code  0x008691   0x21  stm8l_define.o [1]
  .near_func.text  ro code  0x0086b2   0x21  stm8l_define.o [1]
  .near_func.text  ro code  0x0086d3   0x21  stm8l_define.o [1]
  .near_func.text  ro code  0x0086f4   0x21  stm8l_define.o [1]
  .near_func.text  ro code  0x008715   0x21  stm8l_define.o [1]
  .near_func.text  ro code  0x008736   0x21  stm8l_define.o [1]
  .near_func.text  ro code  0x008757   0x21  stm8l_define.o [1]
  .near_func.text  ro code  0x008778   0x21  stm8l_define.o [1]
  .near_func.text  ro code  0x008799   0x21  stm8l_define.o [1]
  .near_func.text  ro code  0x0087ba   0x21  stm8l_define.o [1]
  .near_func.text  ro code  0x0087db   0x21  stm8l_define.o [1]
  .near_func.text  ro code  0x0087fc   0x21  stm8l_define.o [1]
  .near_func.text  ro code  0x00881d   0x21  stm8l_define.o [1]
  .near_func.text  ro code  0x00883e   0x21  stm8l_define.o [1]
  .near_func.text  ro code  0x00885f   0x21  stm8l_define.o [1]
  .near_func.text  ro code  0x008880   0x21  stm8l_define.o [1]
  .near_func.text  ro code  0x0088a1   0x21  stm8l_define.o [1]
  .near_func.text  ro code  0x0088c2   0x21  stm8l_define.o [1]
  .near_func.text  ro code  0x0088e3   0x21  stm8l_define.o [1]
  .near_func.text  ro code  0x008904   0x21  stm8l_define.o [1]
  .near_func.text  ro code  0x008925   0x21  stm8l_define.o [1]
  .near_func.text  ro code  0x008946   0x21  stm8l_define.o [1]
  .near_func.text  ro code  0x008967   0x21  stm8l_define.o [1]
  .near_func.text  ro code  0x008988   0x21  stm8l_define.o [1]
  .near_func.text  ro code  0x0089a9   0x21  stm8l_define.o [1]
  .iar.init_table  const    0x0089ca    0x8  - Linker created -
  .near_func.text  ro code  0x0089d2   0x1e  init_small.o [4]
  .near_func.text  ro code  0x0089f0   0x1d  stm8l_define.o [1]
  .near_func.text  ro code  0x008a0d   0x18  main.o [1]
  .near_func.text  ro code  0x008a25   0x17  init.o [4]
  .near_func.text  ro code  0x008a3c   0x15  main.o [1]
  .near_func.text  ro code  0x008a51   0x15  stm8l_define.o [1]
  .near_func.text  ro code  0x008a66   0x14  __dbg_xxexit.o [3]
  .near_func.text  ro code  0x008a7a   0x13  cstartup.o [4]
  .near_func.text  ro code  0x008a8d   0x11  GPIO.o [1]
  .near_func.text  ro code  0x008a9e   0x11  stm8l_define.o [1]
  .near_func.text  ro code  0x008aaf    0xf  main.o [1]
  .near_func.text  ro code  0x008abe    0x9  stm8l_define.o [1]
  .near_func.text  ro code  0x008ac7    0x9  stm8l_define.o [1]
  .near_func.text  ro code  0x008ad0    0x5  cexit.o [4]
  .near_func.text  ro code  0x008ad5    0x3  interrupt.o [4]
  .near_func.text  ro code  0x008ad8    0x3  low_level_init.o [4]
  .near_func.text  ro code  0x008adb    0x3  exit.o [4]
  .near_func.text  ro code  0x008ade    0x3  unhandled_exception.o [4]
  .near_func.text  ro code  0x008ae1    0x1  __dbg_break.o [3]
                          - 0x008ae2  0xa62


*******************************************************************************
*** INIT TABLE
***

          Address   Size
          -------   ----
Zero (__iar_zero_init2)
    1 destination range, total size 0xc:
          0x00000c   0xc



*******************************************************************************
*** MODULE SUMMARY
***

    Module                 ro code  ro data  rw data
    ------                 -------  -------  -------
D:\Hoc Tap\FPT Intern\MOCK_PROJECT_6\Debug\Obj: [1]
    GPIO.o                      17
    main.o                     499                12
    stm8l_define.o           1 931
    ------------------------------------------------
    Total:                   2 447                12

command line: [2]
    ------------------------------------------------
    Total:

dbgstm8smd.a: [3]
    __dbg_break.o                1
    __dbg_xxexit.o              20
    ------------------------------------------------
    Total:                      21

dlstm8smn.a: [4]
    cexit.o                      5
    cstartup.o                  19
    exit.o                       3
    init.o                      23
    init_small.o                30
    interrupt.o                  3      128
    low_level_init.o             3
    unhandled_exception.o        3
    vreg_util.o                 93
    vregs.o                                       12
    ------------------------------------------------
    Total:                     182      128       12

    Linker created                        8      256
----------------------------------------------------
    Grand Total:             2 650      136      280


*******************************************************************************
*** ENTRY LIST
***

Entry                    Address   Size  Type      Object
-----                    -------   ----  ----      ------
.iar.init_table$$Base   0x0089ca          --   Gb  - Linker created -
.iar.init_table$$Limit  0x0089d2          --   Gb  - Linker created -
?b0                     0x000000         Data  Gb  vregs.o [4]
?b1                     0x000001         Data  Gb  vregs.o [4]
?b10                    0x00000a         Data  Gb  vregs.o [4]
?b11                    0x00000b         Data  Gb  vregs.o [4]
?b2                     0x000002         Data  Gb  vregs.o [4]
?b3                     0x000003         Data  Gb  vregs.o [4]
?b4                     0x000004         Data  Gb  vregs.o [4]
?b5                     0x000005         Data  Gb  vregs.o [4]
?b6                     0x000006         Data  Gb  vregs.o [4]
?b7                     0x000007         Data  Gb  vregs.o [4]
?b8                     0x000008         Data  Gb  vregs.o [4]
?b9                     0x000009         Data  Gb  vregs.o [4]
?e0                     0x000001         Data  Gb  vregs.o [4]
?e1                     0x000005         Data  Gb  vregs.o [4]
?e2                     0x000009         Data  Gb  vregs.o [4]
?l0                     0x000000         Data  Gb  vregs.o [4]
?l1                     0x000004         Data  Gb  vregs.o [4]
?l2                     0x000008         Data  Gb  vregs.o [4]
?pop_l0                 0x0083d7         Code  Gb  vreg_util.o [4]
?pop_l1                 0x0083e2         Code  Gb  vreg_util.o [4]
?push_l0                0x0083b0         Code  Gb  vreg_util.o [4]
?push_l1                0x0083b5         Code  Gb  vreg_util.o [4]
?push_w4                0x008398         Code  Gb  vreg_util.o [4]
?w0                     0x000000         Data  Gb  vregs.o [4]
?w1                     0x000002         Data  Gb  vregs.o [4]
?w2                     0x000004         Data  Gb  vregs.o [4]
?w3                     0x000006         Data  Gb  vregs.o [4]
?w4                     0x000008         Data  Gb  vregs.o [4]
?w5                     0x00000a         Data  Gb  vregs.o [4]
BUTTON_interrupt        0x008a3c   0x15  Code  Gb  main.o [1]
CSTACK$$Base            0x000700          --   Gb  - Linker created -
CSTACK$$Limit           0x000800          --   Gb  - Linker created -
INTVEC$$Base            0x008000          --   Gb  - Linker created -
INTVEC$$Limit           0x008080          --   Gb  - Linker created -
LCD_1A                  0x008481   0x21  Code  Gb  stm8l_define.o [1]
LCD_20                  0x0084a2   0x21  Code  Gb  stm8l_define.o [1]
LCD_21                  0x0084c3   0x21  Code  Gb  stm8l_define.o [1]
LCD_22                  0x0084e4   0x21  Code  Gb  stm8l_define.o [1]
LCD_23                  0x008505   0x21  Code  Gb  stm8l_define.o [1]
LCD_24                  0x008526   0x21  Code  Gb  stm8l_define.o [1]
LCD_25                  0x008547   0x21  Code  Gb  stm8l_define.o [1]
LCD_26                  0x008568   0x21  Code  Gb  stm8l_define.o [1]
LCD_27                  0x008589   0x21  Code  Gb  stm8l_define.o [1]
LCD_28                  0x0085aa   0x21  Code  Gb  stm8l_define.o [1]
LCD_29                  0x0085cb   0x21  Code  Gb  stm8l_define.o [1]
LCD_30                  0x0085ec   0x21  Code  Gb  stm8l_define.o [1]
LCD_31                  0x00860d   0x21  Code  Gb  stm8l_define.o [1]
LCD_32                  0x00862e   0x21  Code  Gb  stm8l_define.o [1]
LCD_33                  0x00864f   0x21  Code  Gb  stm8l_define.o [1]
LCD_34                  0x008670   0x21  Code  Gb  stm8l_define.o [1]
LCD_345_WIN             0x00831c   0x7c  Code  Gb  stm8l_define.o [1]
LCD_35                  0x008691   0x21  Code  Gb  stm8l_define.o [1]
LCD_36                  0x0086b2   0x21  Code  Gb  stm8l_define.o [1]
LCD_37                  0x0086d3   0x21  Code  Gb  stm8l_define.o [1]
LCD_38                  0x0086f4   0x21  Code  Gb  stm8l_define.o [1]
LCD_39                  0x008715   0x21  Code  Gb  stm8l_define.o [1]
LCD_4B                  0x008432   0x29  Code  Gb  stm8l_define.o [1]
LCD_50                  0x008736   0x21  Code  Gb  stm8l_define.o [1]
LCD_51                  0x008757   0x21  Code  Gb  stm8l_define.o [1]
LCD_52                  0x008778   0x21  Code  Gb  stm8l_define.o [1]
LCD_53                  0x008799   0x21  Code  Gb  stm8l_define.o [1]
LCD_54                  0x0087ba   0x21  Code  Gb  stm8l_define.o [1]
LCD_55                  0x0087db   0x21  Code  Gb  stm8l_define.o [1]
LCD_56                  0x0087fc   0x21  Code  Gb  stm8l_define.o [1]
LCD_57                  0x00881d   0x21  Code  Gb  stm8l_define.o [1]
LCD_58                  0x00883e   0x21  Code  Gb  stm8l_define.o [1]
LCD_59                  0x00885f   0x21  Code  Gb  stm8l_define.o [1]
LCD_60                  0x008880   0x21  Code  Gb  stm8l_define.o [1]
LCD_61                  0x0088a1   0x21  Code  Gb  stm8l_define.o [1]
LCD_62                  0x0088c2   0x21  Code  Gb  stm8l_define.o [1]
LCD_63                  0x0088e3   0x21  Code  Gb  stm8l_define.o [1]
LCD_64                  0x008904   0x21  Code  Gb  stm8l_define.o [1]
LCD_65                  0x008925   0x21  Code  Gb  stm8l_define.o [1]
LCD_66                  0x008946   0x21  Code  Gb  stm8l_define.o [1]
LCD_67                  0x008967   0x21  Code  Gb  stm8l_define.o [1]
LCD_68                  0x008988   0x21  Code  Gb  stm8l_define.o [1]
LCD_69                  0x0089a9   0x21  Code  Gb  stm8l_define.o [1]
LCD_COLON               0x008ac7    0x9  Code  Gb  stm8l_define.o [1]
LCD_Clear               0x008237   0xe5  Code  Gb  stm8l_define.o [1]
LCD_interrupt           0x008080  0x1b7  Code  Gb  main.o [1]
Region$$Table$$Base     0x0089ca          --   Gb  - Linker created -
Region$$Table$$Limit    0x0089d2          --   Gb  - Linker created -
UART_Receive            0x008aaf    0xf  Code  Gb  main.o [1]
__DebugBreak            0x008ae1    0x1  Code  Gb  __dbg_break.o [3]
__exit                  0x008a66   0x14  Code  Gb  __dbg_xxexit.o [3]
__iar_data_init2        0x008a25   0x17  Code  Gb  init.o [4]
__iar_program_start     0x008a7a         Code  Gb  cstartup.o [4]
__iar_unhandled_exception
                        0x008ade         Code  Gb  unhandled_exception.o [4]
__iar_zero_init2        0x0089d2         Code  Gb  init_small.o [4]
__intvec                0x008000         Data  Gb  interrupt.o [4]
__low_level_init        0x008ad8    0x3  Code  Gb  low_level_init.o [4]
_exit                   0x008ad0         Code  Gb  cexit.o [4]
_interrupt_11           0x008a3c         Code  Gb  main.o [1]
_interrupt_18           0x008080         Code  Gb  main.o [1]
_interrupt_30           0x008aaf         Code  Gb  main.o [1]
a                       0x00000c    0x2  Data  Gb  main.o [1]
a1                      0x000010    0x2  Data  Gb  main.o [1]
a2                      0x000012    0x2  Data  Gb  main.o [1]
b                       0x00000e    0x2  Data  Gb  main.o [1]
b1                      0x000014    0x2  Data  Gb  main.o [1]
b2                      0x000016    0x2  Data  Gb  main.o [1]
config_BUTTON           0x008a8d   0x11  Code  Gb  GPIO.o [1]
config_CLK_HSI          0x00845b   0x26  Code  Gb  stm8l_define.o [1]
config_CLK_LSE          0x0089f0   0x1d  Code  Gb  stm8l_define.o [1]
config_Int_Ex           0x008abe    0x9  Code  Gb  stm8l_define.o [1]
config_LCD              0x0083f5   0x3d  Code  Gb  stm8l_define.o [1]
config_UART             0x008a9e   0x11  Code  Gb  stm8l_define.o [1]
config_interrupt_priority
                        0x008a51   0x15  Code  Gb  stm8l_define.o [1]
exit                    0x008adb    0x3  Code  Gb  exit.o [4]
main                    0x008a0d   0x18  Code  Gb  main.o [1]


[1] = D:\Hoc Tap\FPT Intern\MOCK_PROJECT_6\Debug\Obj
[2] = command line
[3] = dbgstm8smd.a
[4] = dlstm8smn.a

  2 650 bytes of readonly  code memory
    136 bytes of readonly  data memory
    280 bytes of readwrite data memory

Errors: none
Warnings: none
